
  imgui_impl_glfw.cpp
  imgui_impl_vulkan.cpp
  imgui.cpp
  imgui_demo.cpp
  imgui_draw.cpp
  imgui_tables.cpp
  imgui_widgets.cpp
  AssetManager.cpp
C:\Users\javie\GitHub\simulation-engine\include\Model.h(70,62): error C4430: missing type specifier - int assumed. Note: C++ does not support default-int [C:\Users\javie\GitHub\simulation-engine\simulation-engine.vcxproj]
  (compiling source file 'source/AssetManager.cpp')
  
C:\Users\javie\GitHub\simulation-engine\include\Model.h(70,76): error C2143: syntax error: missing ',' before '*' [C:\Users\javie\GitHub\simulation-engine\simulation-engine.vcxproj]
  (compiling source file 'source/AssetManager.cpp')
  
  ClimateManager.cpp
  ConfigLoader.cpp
  Cubemap.cpp
  Entity.cpp
  EntityFactory.cpp
C:\Users\javie\GitHub\simulation-engine\include\Model.h(70,62): error C4430: missing type specifier - int assumed. Note: C++ does not support default-int [C:\Users\javie\GitHub\simulation-engine\simulation-engine.vcxproj]
  (compiling source file 'source/EntityFactory.cpp')
  
C:\Users\javie\GitHub\simulation-engine\include\Model.h(70,76): error C2143: syntax error: missing ',' before '*' [C:\Users\javie\GitHub\simulation-engine\simulation-engine.vcxproj]
  (compiling source file 'source/EntityFactory.cpp')
  
  EntityManager.cpp
C:\Users\javie\GitHub\simulation-engine\include\Model.h(70,62): error C4430: missing type specifier - int assumed. Note: C++ does not support default-int [C:\Users\javie\GitHub\simulation-engine\simulation-engine.vcxproj]
  (compiling source file 'source/EntityManager.cpp')
  
C:\Users\javie\GitHub\simulation-engine\include\Model.h(70,76): error C2143: syntax error: missing ',' before '*' [C:\Users\javie\GitHub\simulation-engine\simulation-engine.vcxproj]
  (compiling source file 'source/EntityManager.cpp')
  
  Experience.cpp
C:\Users\javie\GitHub\simulation-engine\include\Model.h(70,62): error C4430: missing type specifier - int assumed. Note: C++ does not support default-int [C:\Users\javie\GitHub\simulation-engine\simulation-engine.vcxproj]
  (compiling source file 'source/Experience.cpp')
  
C:\Users\javie\GitHub\simulation-engine\include\Model.h(70,76): error C2143: syntax error: missing ',' before '*' [C:\Users\javie\GitHub\simulation-engine\simulation-engine.vcxproj]
  (compiling source file 'source/Experience.cpp')
  
  GenericScenario.cpp
C:\Users\javie\GitHub\simulation-engine\include\Model.h(70,62): error C4430: missing type specifier - int assumed. Note: C++ does not support default-int [C:\Users\javie\GitHub\simulation-engine\simulation-engine.vcxproj]
  (compiling source file 'source/GenericScenario.cpp')
  
C:\Users\javie\GitHub\simulation-engine\include\Model.h(70,76): error C2143: syntax error: missing ',' before '*' [C:\Users\javie\GitHub\simulation-engine\simulation-engine.vcxproj]
  (compiling source file 'source/GenericScenario.cpp')
  
  GeometryUtils.cpp
  Image.cpp
  IMGUIManager.cpp
C:\Users\javie\GitHub\simulation-engine\include\Model.h(70,62): error C4430: missing type specifier - int assumed. Note: C++ does not support default-int [C:\Users\javie\GitHub\simulation-engine\simulation-engine.vcxproj]
  (compiling source file 'source/IMGUIManager.cpp')
  
C:\Users\javie\GitHub\simulation-engine\include\Model.h(70,76): error C2143: syntax error: missing ',' before '*' [C:\Users\javie\GitHub\simulation-engine\simulation-engine.vcxproj]
  (compiling source file 'source/IMGUIManager.cpp')
  
  InputManager.cpp
  Generating Code...
  Compiling...
  Light.cpp
  Logger.cpp
  main.cpp
C:\Users\javie\GitHub\simulation-engine\include\Model.h(70,62): error C4430: missing type specifier - int assumed. Note: C++ does not support default-int [C:\Users\javie\GitHub\simulation-engine\simulation-engine.vcxproj]
  (compiling source file 'source/main.cpp')
  
C:\Users\javie\GitHub\simulation-engine\include\Model.h(70,76): error C2143: syntax error: missing ',' before '*' [C:\Users\javie\GitHub\simulation-engine\simulation-engine.vcxproj]
  (compiling source file 'source/main.cpp')
  
  Mesh.cpp
  Model.cpp
C:\Users\javie\GitHub\simulation-engine\include\Model.h(70,62): error C4430: missing type specifier - int assumed. Note: C++ does not support default-int [C:\Users\javie\GitHub\simulation-engine\simulation-engine.vcxproj]
  (compiling source file 'source/Model.cpp')
  
C:\Users\javie\GitHub\simulation-engine\include\Model.h(70,76): error C2143: syntax error: missing ',' before '*' [C:\Users\javie\GitHub\simulation-engine\simulation-engine.vcxproj]
  (compiling source file 'source/Model.cpp')
  
C:\Users\javie\GitHub\simulation-engine\source\Model.cpp(72,13): error C2511: 'void Model::draw(VkCommandBuffer,VkDescriptorSet,const GE::Graphics::Pipeline *const )': overloaded member function not found in 'Model' [C:\Users\javie\GitHub\simulation-engine\simulation-engine.vcxproj]
      C:\Users\javie\GitHub\simulation-engine\include\Model.h(18,7):
      see declaration of 'Model'
  
C:\Users\javie\GitHub\simulation-engine\source\Model.cpp(73,29): error C3312: no callable 'begin' function found for type 'unknown' [C:\Users\javie\GitHub\simulation-engine\simulation-engine.vcxproj]
C:\Users\javie\GitHub\simulation-engine\source\Model.cpp(73,29): error C3312: no callable 'end' function found for type 'unknown' [C:\Users\javie\GitHub\simulation-engine\simulation-engine.vcxproj]
C:\Users\javie\GitHub\simulation-engine\source\Model.cpp(73,22): error C2530: 'mesh': references must be initialized [C:\Users\javie\GitHub\simulation-engine\simulation-engine.vcxproj]
C:\Users\javie\GitHub\simulation-engine\source\Model.cpp(73,22): error C3531: 'mesh': a symbol whose type contains 'auto' must have an initializer [C:\Users\javie\GitHub\simulation-engine\simulation-engine.vcxproj]
C:\Users\javie\GitHub\simulation-engine\source\Model.cpp(73,27): error C2143: syntax error: missing ';' before ':' [C:\Users\javie\GitHub\simulation-engine\simulation-engine.vcxproj]
C:\Users\javie\GitHub\simulation-engine\source\Model.cpp(73,29): error C2597: illegal reference to non-static member 'Model::meshes' [C:\Users\javie\GitHub\simulation-engine\simulation-engine.vcxproj]
      C:\Users\javie\GitHub\simulation-engine\include\Model.h(30,40):
      see declaration of 'Model::meshes'
  
C:\Users\javie\GitHub\simulation-engine\source\Model.cpp(73,35): error C2143: syntax error: missing ';' before ')' [C:\Users\javie\GitHub\simulation-engine\simulation-engine.vcxproj]
C:\Users\javie\GitHub\simulation-engine\source\Model.cpp(73,29): error C2451: a conditional expression of type 'unknown' is not valid [C:\Users\javie\GitHub\simulation-engine\simulation-engine.vcxproj]
      C:\Users\javie\GitHub\simulation-engine\source\Model.cpp(73,29):
      ill-formed reference to a non-static member
  
C:\Users\javie\GitHub\simulation-engine\source\Model.cpp(74,18): error C2446: '!=': no conversion from 'nullptr' to '<error type>' [C:\Users\javie\GitHub\simulation-engine\simulation-engine.vcxproj]
      C:\Users\javie\GitHub\simulation-engine\source\Model.cpp(74,21):
      A native nullptr can only be converted to bool or, using reinterpret_cast, to an integral type
  
  ParticleSystem.cpp
  PhysicsSystem.cpp
  PointLight.cpp
  PostProcessor.cpp
  Renderer.cpp
C:\Users\javie\GitHub\simulation-engine\include\Model.h(70,62): error C4430: missing type specifier - int assumed. Note: C++ does not support default-int [C:\Users\javie\GitHub\simulation-engine\simulation-engine.vcxproj]
  (compiling source file 'source/Renderer.cpp')
  
C:\Users\javie\GitHub\simulation-engine\include\Model.h(70,76): error C2143: syntax error: missing ',' before '*' [C:\Users\javie\GitHub\simulation-engine\simulation-engine.vcxproj]
  (compiling source file 'source/Renderer.cpp')
  
  RenderPass.cpp
  Scene.cpp
  SceneLoader.cpp
C:\Users\javie\GitHub\simulation-engine\include\Model.h(70,62): error C4430: missing type specifier - int assumed. Note: C++ does not support default-int [C:\Users\javie\GitHub\simulation-engine\simulation-engine.vcxproj]
  (compiling source file 'source/SceneLoader.cpp')
  
C:\Users\javie\GitHub\simulation-engine\include\Model.h(70,76): error C2143: syntax error: missing ',' before '*' [C:\Users\javie\GitHub\simulation-engine\simulation-engine.vcxproj]
  (compiling source file 'source/SceneLoader.cpp')
  
  SimpleAllocator.cpp
  Skybox.cpp
  SnowGlobeScenario.cpp
C:\Users\javie\GitHub\simulation-engine\include\Model.h(70,62): error C4430: missing type specifier - int assumed. Note: C++ does not support default-int [C:\Users\javie\GitHub\simulation-engine\simulation-engine.vcxproj]
  (compiling source file 'source/SnowGlobeScenario.cpp')
  
C:\Users\javie\GitHub\simulation-engine\include\Model.h(70,76): error C2143: syntax error: missing ',' before '*' [C:\Users\javie\GitHub\simulation-engine\simulation-engine.vcxproj]
  (compiling source file 'source/SnowGlobeScenario.cpp')
  
  stb_impl.cpp
  SwapChain.cpp
  SyncManager.cpp
  SystemFactory.cpp
  Generating Code...
  Compiling...
  TransformSystem.cpp
  VulkanEngine.cpp
  VulkanResourceManager.cpp
C:\Users\javie\GitHub\simulation-engine\include\Model.h(70,62): error C4430: missing type specifier - int assumed. Note: C++ does not support default-int [C:\Users\javie\GitHub\simulation-engine\simulation-engine.vcxproj]
  (compiling source file 'source/VulkanResourceManager.cpp')
  
C:\Users\javie\GitHub\simulation-engine\include\Model.h(70,76): error C2143: syntax error: missing ',' before '*' [C:\Users\javie\GitHub\simulation-engine\simulation-engine.vcxproj]
  (compiling source file 'source/VulkanResourceManager.cpp')
  
  VulkanUtils.cpp
  Generating Code...
